1 12.3e+10 
2 45.2 
2 E10 
3 4.269 
3 E97 
4 98.7e-10 
5 32.1E+11 
6 7.65e-13 
7 1.23
7 e12
8 4.56e+12
9 789
9 e
9 +
9 12
10 func
10 _
10 name
11 FUNC
12 123

