1 WHILEwhile 
1 whileWHILE 
1 WHILE
8 while 
8 IFWHILE 
8 if 
8 IF
10 FUNC_test 
11 FUNC 
11 _
11 1 
12 <<
12 <<
12 <
13 >>
