2 111 
2 +
2 -
2 +
2 *
3 111 
3 .
3 .
3 .
3 111 
3 *
3 *
3 *
3 *
3 *
3 +
3 +
3 +
3 +
3 +
3 111 
3 .
3 abc 
4 111.110 
4 0 
4 11 
6 111 
8 12.3e+10 
9 45.2 
9 E10 
