1 WHILEwhile 
1 whileWHILE 
1 WHILE
8 while 
8 IFWHILE 
8 if 
8 IF
10 FUNC_test 
10 FUNC
10 _
10 (
11 FUNC 
11 _
11 1 
11 12 
11 E
11 +
11 )
12 <<
12 <<
12 <
13 >>
14 FUNCKY
14 _
14 Code
15 FUNC 
15 _
